Starting a Gradle Daemon, 5 busy Daemons could not be reused, use --status for details
> Task :compileJava UP-TO-DATE
> Task :processResources UP-TO-DATE
> Task :classes UP-TO-DATE
> Task :resolveMainClassName UP-TO-DATE

> Task :bootRun

  .   ____          _            __ _ _
 /\\ / ___'_ __ _ _(_)_ __  __ _ \ \ \ \
( ( )\___ | '_ | '_| | '_ \/ _` | \ \ \ \
 \\/  ___)| |_)| | | | | || (_| |  ) ) ) )
  '  |____| .__|_| |_|_| |_\__, | / / / /
 =========|_|==============|___/=/_/_/_/

 :: Spring Boot ::                (v3.4.1)

2026-08-20T15:34:25.026+02:00  INFO 18336 --- [nyfirmasjekk] [           main] i.l.n.NyfirmasjekkApplication            : Starting NyfirmasjekkApplication using Java 21.0.10 with PID 18336 (C:\Prosjekt\nyfirmasjekk\build\classes\java\main started by lataj in C:\Prosjekt\nyfirmasjekk)
2026-08-20T15:34:25.030+02:00  INFO 18336 --- [nyfirmasjekk] [           main] i.l.n.NyfirmasjekkApplication            : No active profile set, falling back to 1 default profile: "default"
2026-08-20T15:34:26.318+02:00  INFO 18336 --- [nyfirmasjekk] [           main] o.s.b.w.embedded.tomcat.TomcatWebServer  : Tomcat initialized with port 8080 (http)
2026-08-20T15:34:26.335+02:00  INFO 18336 --- [nyfirmasjekk] [           main] o.apache.catalina.core.StandardService   : Starting service [Tomcat]
2026-08-20T15:34:26.335+02:00  INFO 18336 --- [nyfirmasjekk] [           main] o.apache.catalina.core.StandardEngine    : Starting Servlet engine: [Apache Tomcat/10.1.34]
2026-08-20T15:34:26.409+02:00  INFO 18336 --- [nyfirmasjekk] [           main] o.a.c.c.C.[Tomcat].[localhost].[/]       : Initializing Spring embedded WebApplicationContext
2026-08-20T15:34:26.410+02:00  INFO 18336 --- [nyfirmasjekk] [           main] w.s.c.ServletWebServerApplicationContext : Root WebApplicationContext: initialization completed in 1337 ms
2026-08-20T15:34:27.503+02:00  INFO 18336 --- [nyfirmasjekk] [           main] o.s.b.a.e.web.EndpointLinksResolver      : Exposing 1 endpoint beneath base path '/actuator'
2026-08-20T15:34:27.569+02:00  INFO 18336 --- [nyfirmasjekk] [           main] o.s.b.w.embedded.tomcat.TomcatWebServer  : Tomcat started on port 8080 (http) with context path '/'
2026-08-20T15:34:27.581+02:00  INFO 18336 --- [nyfirmasjekk] [           main] i.l.n.NyfirmasjekkApplication            : Started NyfirmasjekkApplication in 2.884 seconds (process running for 3.178)
2026-08-20T15:34:27.750+02:00  INFO 18336 --- [nyfirmasjekk] [nio-8080-exec-1] o.a.c.c.C.[Tomcat].[localhost].[/]       : Initializing Spring DispatcherServlet 'dispatcherServlet'
2026-08-20T15:34:27.750+02:00  INFO 18336 --- [nyfirmasjekk] [nio-8080-exec-1] o.s.web.servlet.DispatcherServlet        : Initializing Servlet 'dispatcherServlet'
2026-08-20T15:34:27.752+02:00  INFO 18336 --- [nyfirmasjekk] [nio-8080-exec-1] o.s.web.servlet.DispatcherServlet        : Completed initialization in 2 ms
2026-08-20T15:36:37.032+02:00  INFO 18336 --- [nyfirmasjekk] [nio-8080-exec-8] i.l.n.companycheck.CompanyCheckService   : Search completed in 870 ms: score=ALL, page=0, results=25
2026-08-20T15:36:37.034+02:00  INFO 18336 --- [nyfirmasjekk] [nio-8080-exec-8] i.l.n.companycheck.CompanyCheckService   : Search diagnostics: score=ALL, requestedPage=0, fetchCalls=4, fetchedCandidates=400, prefilteredCandidates=29, scoredCandidates=29, matchedCandidates=29, returnedCount=25, fetchMs=859, prefilterMs=0, scoringMs=5, totalMs=870
2026-08-20T15:36:37.375+02:00  INFO 18336 --- [nyfirmasjekk] [nio-8080-exec-8] i.l.n.companycheck.CompanyCheckService   : Search completed in 340 ms: score=ALL, page=1, results=25
2026-08-20T15:36:37.376+02:00  INFO 18336 --- [nyfirmasjekk] [nio-8080-exec-8] i.l.n.companycheck.CompanyCheckService   : Search diagnostics: score=ALL, requestedPage=1, fetchCalls=8, fetchedCandidates=800, prefilteredCandidates=56, scoredCandidates=56, matchedCandidates=56, returnedCount=25, fetchMs=331, prefilterMs=0, scoringMs=1, totalMs=340
2026-08-20T15:36:37.432+02:00  INFO 18336 --- [nyfirmasjekk] [nio-8080-exec-8] i.l.n.c.CompanyCheckController           : company-check search completed in 1269 ms: dager=5, page=0, hasEmail=true, results=25, totalElements=26, scoreCounts={YELLOW=19, GREEN=6}
2026-08-20T15:36:37.706+02:00  INFO 18336 --- [nyfirmasjekk] [nio-8080-exec-2] i.l.n.companycheck.CompanyCheckService   : Search completed in 4 ms: score=ALL, page=0, results=25
2026-08-20T15:36:37.707+02:00  INFO 18336 --- [nyfirmasjekk] [nio-8080-exec-2] i.l.n.companycheck.CompanyCheckService   : Search diagnostics: score=ALL, requestedPage=0, fetchCalls=4, fetchedCandidates=400, prefilteredCandidates=29, scoredCandidates=29, matchedCandidates=29, returnedCount=25, fetchMs=0, prefilterMs=0, scoringMs=1, totalMs=4
2026-08-20T15:36:37.721+02:00  INFO 18336 --- [nyfirmasjekk] [nio-8080-exec-2] i.l.n.companycheck.CompanyCheckService   : Search completed in 12 ms: score=ALL, page=1, results=25
2026-08-20T15:36:37.721+02:00  INFO 18336 --- [nyfirmasjekk] [nio-8080-exec-2] i.l.n.companycheck.CompanyCheckService   : Search diagnostics: score=ALL, requestedPage=1, fetchCalls=8, fetchedCandidates=800, prefilteredCandidates=56, scoredCandidates=56, matchedCandidates=56, returnedCount=25, fetchMs=3, prefilterMs=0, scoringMs=3, totalMs=12
2026-08-20T15:36:37.728+02:00  INFO 18336 --- [nyfirmasjekk] [nio-8080-exec-2] i.l.n.c.CompanyCheckController           : company-check search completed in 27 ms: dager=5, page=0, hasEmail=true, results=25, totalElements=26, scoreCounts={YELLOW=19, GREEN=6}
2026-08-20T15:36:51.098+02:00  INFO 18336 --- [nyfirmasjekk] [nio-8080-exec-4] i.l.n.companycheck.CompanyCheckService   : Search completed in 2 ms: score=ALL, page=0, results=25
2026-08-20T15:36:51.098+02:00  INFO 18336 --- [nyfirmasjekk] [nio-8080-exec-4] i.l.n.companycheck.CompanyCheckService   : Search diagnostics: score=ALL, requestedPage=0, fetchCalls=6, fetchedCandidates=600, prefilteredCandidates=30, scoredCandidates=30, matchedCandidates=30, returnedCount=25, fetchMs=0, prefilterMs=0, scoringMs=0, totalMs=2
2026-08-20T15:36:51.768+02:00  INFO 18336 --- [nyfirmasjekk] [nio-8080-exec-4] i.l.n.companycheck.CompanyCheckService   : Search completed in 669 ms: score=ALL, page=1, results=25
2026-08-20T15:36:51.768+02:00  INFO 18336 --- [nyfirmasjekk] [nio-8080-exec-4] i.l.n.companycheck.CompanyCheckService   : Search diagnostics: score=ALL, requestedPage=1, fetchCalls=12, fetchedCandidates=1200, prefilteredCandidates=58, scoredCandidates=58, matchedCandidates=58, returnedCount=25, fetchMs=663, prefilterMs=0, scoringMs=1, totalMs=669
2026-08-20T15:36:51.970+02:00  INFO 18336 --- [nyfirmasjekk] [nio-8080-exec-4] i.l.n.companycheck.CompanyCheckService   : Search completed in 201 ms: score=ALL, page=2, results=8
2026-08-20T15:36:51.970+02:00  INFO 18336 --- [nyfirmasjekk] [nio-8080-exec-4] i.l.n.companycheck.CompanyCheckService   : Search diagnostics: score=ALL, requestedPage=2, fetchCalls=14, fetchedCandidates=1352, prefilteredCandidates=62, scoredCandidates=62, matchedCandidates=62, returnedCount=8, fetchMs=197, prefilterMs=0, scoringMs=0, totalMs=201
2026-08-20T15:36:51.973+02:00  INFO 18336 --- [nyfirmasjekk] [nio-8080-exec-4] i.l.n.c.CompanyCheckController           : company-check search completed in 878 ms: dager=5, page=0, hasEmail=true, missingWebsite=true, results=16, totalElements=16, scoreCounts={YELLOW=12, GREEN=4}
